I'm sorry, but errors were detected in your script. Please correct the
errors listed below, and try again.


File "game/trans.rpy", line 126: end of line expected.
    show emoji dot2 as basebulb behind emoji heart at bulb 
                                             ^

Ren'Py Version: Ren'Py 8.3.2.24090902
Fri Sep 20 01:11:28 2024
